// Jest Snapshot v1, https://goo.gl/fbAQLP

exports[`SearchModal renders SearchModal 1`] = `
<RCTSafeAreaView
  emulateUnlessSupported={true}
  style={
    Object {
      "flex": 1,
    }
  }
>
  <View
    style={
      Object {
        "marginTop": 10,
      }
    }
  >
    <View
      accessibilityRole="tab"
      accessible={true}
      collapsable={false}
      focusable={true}
      onBlur={[Function]}
      onClick={[Function]}
      onFocus={[Function]}
      onResponderGrant={[Function]}
      onResponderMove={[Function]}
      onResponderRelease={[Function]}
      onResponderTerminate={[Function]}
      onResponderTerminationRequest={[Function]}
      onStartShouldSetResponder={[Function]}
    >
      <View
        style={
          Object {
            "alignItems": "center",
            "backgroundColor": "#fff",
            "borderRadius": 30,
            "elevation": 3,
            "flexDirection": "row",
            "marginHorizontal": 20,
            "paddingHorizontal": 12,
            "shadowColor": "black",
            "shadowOffset": Object {
              "height": 5,
              "width": 5,
            },
            "shadowOpacity": 0.1,
          }
        }
      >
        <RNSVGSvgView
          accessibilityRole="image"
          align="xMidYMid"
          bbHeight={20}
          bbWidth={20}
          fill="#000"
          focusable={false}
          height={20}
          meetOrSlice={0}
          minX={0}
          minY={0}
          style={
            Array [
              Object {
                "backgroundColor": "transparent",
                "borderWidth": 0,
              },
              Object {
                "flex": 0,
                "height": 20,
                "width": 20,
              },
            ]
          }
          vbHeight={512}
          vbWidth={384}
          width={20}
        >
          <RNSVGGroup
            fill={4278190080}
            propList={
              Array [
                "fill",
              ]
            }
          >
            <RNSVGPath
              d="M384 192C384 279.4 267 435 215.7 499.2C203.4 514.5 180.6 514.5 168.3 499.2C116.1 435 0 279.4 0 192C0 85.96 85.96 0 192 0C298 0 384 85.96 384 192H384z"
            />
          </RNSVGGroup>
        </RNSVGSvgView>
        <Text
          accessibilityRole="text"
          style={
            Array [
              Object {
                "marginLeft": 15,
                "marginVertical": 15,
                "paddingRight": 10,
              },
              Object {
                "color": "black",
              },
            ]
          }
        >
          Houston, Texas
        </Text>
      </View>
    </View>
  </View>
  <View
    style={
      Object {
        "marginTop": 10,
      }
    }
  >
    <View
      style={
        Object {
          "alignItems": "center",
          "backgroundColor": "#fff",
          "borderRadius": 30,
          "elevation": 3,
          "flexDirection": "row",
          "marginHorizontal": 20,
          "paddingHorizontal": 12,
          "shadowColor": "black",
          "shadowOffset": Object {
            "height": 5,
            "width": 5,
          },
          "shadowOpacity": 0.1,
        }
      }
    >
      <RNSVGSvgView
        accessibilityRole="image"
        align="xMidYMid"
        bbHeight={20}
        bbWidth={20}
        fill="#000"
        focusable={false}
        height={20}
        meetOrSlice={0}
        minX={0}
        minY={0}
        style={
          Array [
            Object {
              "backgroundColor": "transparent",
              "borderWidth": 0,
            },
            Object {
              "flex": 0,
              "height": 20,
              "width": 20,
            },
          ]
        }
        vbHeight={512}
        vbWidth={640}
        width={20}
      >
        <RNSVGGroup
          fill={4278190080}
          propList={
            Array [
              "fill",
            ]
          }
        >
          <RNSVGPath
            d="M0 155.2C0 147.9 2.153 140.8 6.188 134.7L81.75 21.37C90.65 8.021 105.6 0 121.7 0H518.3C534.4 0 549.3 8.021 558.2 21.37L633.8 134.7C637.8 140.8 640 147.9 640 155.2C640 175.5 623.5 192 603.2 192H36.84C16.5 192 .0003 175.5 .0003 155.2H0zM64 224H128V384H320V224H384V464C384 490.5 362.5 512 336 512H112C85.49 512 64 490.5 64 464V224zM512 224H576V480C576 497.7 561.7 512 544 512C526.3 512 512 497.7 512 480V224z"
          />
        </RNSVGGroup>
      </RNSVGSvgView>
      <TextInput
        accessibilityRole="search"
        icon={[Function]}
        onChangeText={[Function]}
        placeholder="Search name, category, food, or anything"
        placeholderTextColor="gray"
        style={
          Array [
            Object {
              "color": "black",
              "flex": 1,
            },
            Object {
              "marginLeft": 10,
            },
          ]
        }
        value="Sample term"
      />
    </View>
  </View>
  <View
    style={
      Object {
        "marginTop": 5,
      }
    }
  >
    <RCTScrollView
      accessibilityRole="list"
      data={
        Array [
          Object {
            "image": Object {
              "process": [Function],
            },
            "label": "Burger",
            "value": "burgers",
          },
          Object {
            "image": Object {
              "process": [Function],
            },
            "label": "Dessert",
            "value": "desserts",
          },
          Object {
            "image": Object {
              "process": [Function],
            },
            "label": "Pasta",
            "value": "pastashops",
          },
          Object {
            "image": Object {
              "process": [Function],
            },
            "label": "Pizza",
            "value": "pizza",
          },
          Object {
            "image": Object {
              "process": [Function],
            },
            "label": "Smoothies",
            "value": "juicebars",
          },
          Object {
            "image": Object {
              "process": [Function],
            },
            "label": "steak",
            "value": "steak",
          },
        ]
      }
      getItem={[Function]}
      getItemCount={[Function]}
      horizontal={true}
      keyExtractor={[Function]}
      onContentSizeChange={[Function]}
      onLayout={[Function]}
      onMomentumScrollBegin={[Function]}
      onMomentumScrollEnd={[Function]}
      onScroll={[Function]}
      onScrollBeginDrag={[Function]}
      onScrollEndDrag={[Function]}
      removeClippedSubviews={false}
      renderItem={[Function]}
      scrollEventThrottle={50}
      showsHorizontalScrollIndicator={false}
      stickyHeaderIndices={Array []}
      viewabilityConfigCallbackPairs={Array []}
    >
      <View>
        <View
          onLayout={[Function]}
          style={
            Array [
              Object {
                "flexDirection": "row",
              },
              null,
            ]
          }
        >
          <View
            accessibilityRole="checkbox"
            style={
              Array [
                Object {
                  "borderRadius": 35,
                  "height": 100,
                  "marginLeft": 15,
                  "marginVertical": 10,
                  "overflow": "hidden",
                  "width": 70,
                },
                Object {
                  "elevation": 3,
                  "shadowColor": "black",
                  "shadowOffset": Object {
                    "height": 5,
                    "width": 5,
                  },
                  "shadowOpacity": 0.1,
                },
                Object {
                  "backgroundColor": "rgb(0, 122, 255)",
                  "marginRight": 0,
                },
              ]
            }
          >
            <View
              accessibilityRole="button"
              accessible={true}
              collapsable={false}
              focusable={true}
              onBlur={[Function]}
              onClick={[Function]}
              onFocus={[Function]}
              onResponderGrant={[Function]}
              onResponderMove={[Function]}
              onResponderRelease={[Function]}
              onResponderTerminate={[Function]}
              onResponderTerminationRequest={[Function]}
              onStartShouldSetResponder={[Function]}
              style={
                Object {
                  "alignItems": "center",
                  "flex": 1,
                  "paddingTop": 10,
                }
              }
            >
              <View
                style={
                  Array [
                    Object {
                      "alignItems": "center",
                      "borderRadius": 25,
                      "height": 45,
                      "justifyContent": "center",
                      "width": 45,
                    },
                    Object {
                      "backgroundColor": "rgb(255, 255, 255)",
                    },
                  ]
                }
              >
                <Image
                  accessibilityRole="image"
                  source={
                    Object {
                      "process": [Function],
                    }
                  }
                  style={
                    Object {
                      "height": 30,
                      "width": 30,
                    }
                  }
                />
              </View>
              <Text
                accessibilityRole="text"
                style={
                  Array [
                    Object {
                      "marginTop": 4,
                    },
                    Object {
                      "color": "rgb(28, 28, 30)",
                    },
                  ]
                }
              >
                Burger
              </Text>
            </View>
          </View>
        </View>
        <View
          onLayout={[Function]}
          style={
            Array [
              Object {
                "flexDirection": "row",
              },
              null,
            ]
          }
        >
          <View
            accessibilityRole="checkbox"
            style={
              Array [
                Object {
                  "borderRadius": 35,
                  "height": 100,
                  "marginLeft": 15,
                  "marginVertical": 10,
                  "overflow": "hidden",
                  "width": 70,
                },
                Object {
                  "elevation": 3,
                  "shadowColor": "black",
                  "shadowOffset": Object {
                    "height": 5,
                    "width": 5,
                  },
                  "shadowOpacity": 0.1,
                },
                Object {
                  "backgroundColor": "rgb(255, 255, 255)",
                  "marginRight": 0,
                },
              ]
            }
          >
            <View
              accessibilityRole="button"
              accessible={true}
              collapsable={false}
              focusable={true}
              onBlur={[Function]}
              onClick={[Function]}
              onFocus={[Function]}
              onResponderGrant={[Function]}
              onResponderMove={[Function]}
              onResponderRelease={[Function]}
              onResponderTerminate={[Function]}
              onResponderTerminationRequest={[Function]}
              onStartShouldSetResponder={[Function]}
              style={
                Object {
                  "alignItems": "center",
                  "flex": 1,
                  "paddingTop": 10,
                }
              }
            >
              <View
                style={
                  Array [
                    Object {
                      "alignItems": "center",
                      "borderRadius": 25,
                      "height": 45,
                      "justifyContent": "center",
                      "width": 45,
                    },
                    Object {
                      "backgroundColor": "rgb(255, 255, 255)",
                    },
                  ]
                }
              >
                <Image
                  accessibilityRole="image"
                  source={
                    Object {
                      "process": [Function],
                    }
                  }
                  style={
                    Object {
                      "height": 30,
                      "width": 30,
                    }
                  }
                />
              </View>
              <Text
                accessibilityRole="text"
                style={
                  Array [
                    Object {
                      "marginTop": 4,
                    },
                    Object {
                      "color": "rgb(28, 28, 30)",
                    },
                  ]
                }
              >
                Dessert
              </Text>
            </View>
          </View>
        </View>
        <View
          onLayout={[Function]}
          style={
            Array [
              Object {
                "flexDirection": "row",
              },
              null,
            ]
          }
        >
          <View
            accessibilityRole="checkbox"
            style={
              Array [
                Object {
                  "borderRadius": 35,
                  "height": 100,
                  "marginLeft": 15,
                  "marginVertical": 10,
                  "overflow": "hidden",
                  "width": 70,
                },
                Object {
                  "elevation": 3,
                  "shadowColor": "black",
                  "shadowOffset": Object {
                    "height": 5,
                    "width": 5,
                  },
                  "shadowOpacity": 0.1,
                },
                Object {
                  "backgroundColor": "rgb(255, 255, 255)",
                  "marginRight": 0,
                },
              ]
            }
          >
            <View
              accessibilityRole="button"
              accessible={true}
              collapsable={false}
              focusable={true}
              onBlur={[Function]}
              onClick={[Function]}
              onFocus={[Function]}
              onResponderGrant={[Function]}
              onResponderMove={[Function]}
              onResponderRelease={[Function]}
              onResponderTerminate={[Function]}
              onResponderTerminationRequest={[Function]}
              onStartShouldSetResponder={[Function]}
              style={
                Object {
                  "alignItems": "center",
                  "flex": 1,
                  "paddingTop": 10,
                }
              }
            >
              <View
                style={
                  Array [
                    Object {
                      "alignItems": "center",
                      "borderRadius": 25,
                      "height": 45,
                      "justifyContent": "center",
                      "width": 45,
                    },
                    Object {
                      "backgroundColor": "rgb(255, 255, 255)",
                    },
                  ]
                }
              >
                <Image
                  accessibilityRole="image"
                  source={
                    Object {
                      "process": [Function],
                    }
                  }
                  style={
                    Object {
                      "height": 30,
                      "width": 30,
                    }
                  }
                />
              </View>
              <Text
                accessibilityRole="text"
                style={
                  Array [
                    Object {
                      "marginTop": 4,
                    },
                    Object {
                      "color": "rgb(28, 28, 30)",
                    },
                  ]
                }
              >
                Pasta
              </Text>
            </View>
          </View>
        </View>
        <View
          onLayout={[Function]}
          style={
            Array [
              Object {
                "flexDirection": "row",
              },
              null,
            ]
          }
        >
          <View
            accessibilityRole="checkbox"
            style={
              Array [
                Object {
                  "borderRadius": 35,
                  "height": 100,
                  "marginLeft": 15,
                  "marginVertical": 10,
                  "overflow": "hidden",
                  "width": 70,
                },
                Object {
                  "elevation": 3,
                  "shadowColor": "black",
                  "shadowOffset": Object {
                    "height": 5,
                    "width": 5,
                  },
                  "shadowOpacity": 0.1,
                },
                Object {
                  "backgroundColor": "rgb(255, 255, 255)",
                  "marginRight": 0,
                },
              ]
            }
          >
            <View
              accessibilityRole="button"
              accessible={true}
              collapsable={false}
              focusable={true}
              onBlur={[Function]}
              onClick={[Function]}
              onFocus={[Function]}
              onResponderGrant={[Function]}
              onResponderMove={[Function]}
              onResponderRelease={[Function]}
              onResponderTerminate={[Function]}
              onResponderTerminationRequest={[Function]}
              onStartShouldSetResponder={[Function]}
              style={
                Object {
                  "alignItems": "center",
                  "flex": 1,
                  "paddingTop": 10,
                }
              }
            >
              <View
                style={
                  Array [
                    Object {
                      "alignItems": "center",
                      "borderRadius": 25,
                      "height": 45,
                      "justifyContent": "center",
                      "width": 45,
                    },
                    Object {
                      "backgroundColor": "rgb(255, 255, 255)",
                    },
                  ]
                }
              >
                <Image
                  accessibilityRole="image"
                  source={
                    Object {
                      "process": [Function],
                    }
                  }
                  style={
                    Object {
                      "height": 30,
                      "width": 30,
                    }
                  }
                />
              </View>
              <Text
                accessibilityRole="text"
                style={
                  Array [
                    Object {
                      "marginTop": 4,
                    },
                    Object {
                      "color": "rgb(28, 28, 30)",
                    },
                  ]
                }
              >
                Pizza
              </Text>
            </View>
          </View>
        </View>
        <View
          onLayout={[Function]}
          style={
            Array [
              Object {
                "flexDirection": "row",
              },
              null,
            ]
          }
        >
          <View
            accessibilityRole="checkbox"
            style={
              Array [
                Object {
                  "borderRadius": 35,
                  "height": 100,
                  "marginLeft": 15,
                  "marginVertical": 10,
                  "overflow": "hidden",
                  "width": 70,
                },
                Object {
                  "elevation": 3,
                  "shadowColor": "black",
                  "shadowOffset": Object {
                    "height": 5,
                    "width": 5,
                  },
                  "shadowOpacity": 0.1,
                },
                Object {
                  "backgroundColor": "rgb(255, 255, 255)",
                  "marginRight": 0,
                },
              ]
            }
          >
            <View
              accessibilityRole="button"
              accessible={true}
              collapsable={false}
              focusable={true}
              onBlur={[Function]}
              onClick={[Function]}
              onFocus={[Function]}
              onResponderGrant={[Function]}
              onResponderMove={[Function]}
              onResponderRelease={[Function]}
              onResponderTerminate={[Function]}
              onResponderTerminationRequest={[Function]}
              onStartShouldSetResponder={[Function]}
              style={
                Object {
                  "alignItems": "center",
                  "flex": 1,
                  "paddingTop": 10,
                }
              }
            >
              <View
                style={
                  Array [
                    Object {
                      "alignItems": "center",
                      "borderRadius": 25,
                      "height": 45,
                      "justifyContent": "center",
                      "width": 45,
                    },
                    Object {
                      "backgroundColor": "rgb(255, 255, 255)",
                    },
                  ]
                }
              >
                <Image
                  accessibilityRole="image"
                  source={
                    Object {
                      "process": [Function],
                    }
                  }
                  style={
                    Object {
                      "height": 30,
                      "width": 30,
                    }
                  }
                />
              </View>
              <Text
                accessibilityRole="text"
                style={
                  Array [
                    Object {
                      "marginTop": 4,
                    },
                    Object {
                      "color": "rgb(28, 28, 30)",
                    },
                  ]
                }
              >
                Smoothies
              </Text>
            </View>
          </View>
        </View>
        <View
          onLayout={[Function]}
          style={
            Array [
              Object {
                "flexDirection": "row",
              },
              null,
            ]
          }
        >
          <View
            accessibilityRole="checkbox"
            style={
              Array [
                Object {
                  "borderRadius": 35,
                  "height": 100,
                  "marginLeft": 15,
                  "marginVertical": 10,
                  "overflow": "hidden",
                  "width": 70,
                },
                Object {
                  "elevation": 3,
                  "shadowColor": "black",
                  "shadowOffset": Object {
                    "height": 5,
                    "width": 5,
                  },
                  "shadowOpacity": 0.1,
                },
                Object {
                  "backgroundColor": "rgb(255, 255, 255)",
                  "marginRight": 15,
                },
              ]
            }
          >
            <View
              accessibilityRole="button"
              accessible={true}
              collapsable={false}
              focusable={true}
              onBlur={[Function]}
              onClick={[Function]}
              onFocus={[Function]}
              onResponderGrant={[Function]}
              onResponderMove={[Function]}
              onResponderRelease={[Function]}
              onResponderTerminate={[Function]}
              onResponderTerminationRequest={[Function]}
              onStartShouldSetResponder={[Function]}
              style={
                Object {
                  "alignItems": "center",
                  "flex": 1,
                  "paddingTop": 10,
                }
              }
            >
              <View
                style={
                  Array [
                    Object {
                      "alignItems": "center",
                      "borderRadius": 25,
                      "height": 45,
                      "justifyContent": "center",
                      "width": 45,
                    },
                    Object {
                      "backgroundColor": "rgb(255, 255, 255)",
                    },
                  ]
                }
              >
                <Image
                  accessibilityRole="image"
                  source={
                    Object {
                      "process": [Function],
                    }
                  }
                  style={
                    Object {
                      "height": 30,
                      "width": 30,
                    }
                  }
                />
              </View>
              <Text
                accessibilityRole="text"
                style={
                  Array [
                    Object {
                      "marginTop": 4,
                    },
                    Object {
                      "color": "rgb(28, 28, 30)",
                    },
                  ]
                }
              >
                steak
              </Text>
            </View>
          </View>
        </View>
      </View>
    </RCTScrollView>
  </View>
  <View
    style={
      Object {
        "flex": 1,
        "justifyContent": "flex-end",
      }
    }
  >
    <View
      accessibilityRole="button"
      accessible={true}
      collapsable={false}
      focusable={true}
      onBlur={[Function]}
      onClick={[Function]}
      onFocus={[Function]}
      onResponderGrant={[Function]}
      onResponderMove={[Function]}
      onResponderRelease={[Function]}
      onResponderTerminate={[Function]}
      onResponderTerminationRequest={[Function]}
      onStartShouldSetResponder={[Function]}
      style={
        Array [
          Object {
            "alignItems": "center",
            "flexDirection": "row",
            "justifyContent": "center",
          },
          Object {
            "elevation": 3,
            "shadowColor": "black",
            "shadowOffset": Object {
              "height": 5,
              "width": 5,
            },
            "shadowOpacity": 0.1,
          },
          Object {
            "backgroundColor": "rgb(0, 122, 255)",
            "borderRadius": 20,
            "margin": 10,
            "paddingVertical": 10,
          },
        ]
      }
    >
      <Text
        style={
          Array [
            Object {
              "fontWeight": "bold",
            },
            Object {
              "color": "rgb(28, 28, 30)",
              "marginRight": 10,
            },
          ]
        }
      >
        SEARCH
      </Text>
      <RNSVGSvgView
        accessibilityRole="image"
        align="xMidYMid"
        bbHeight={15}
        bbWidth={15}
        fill="rgb(28, 28, 30)"
        focusable={false}
        height={15}
        meetOrSlice={0}
        minX={0}
        minY={0}
        style={
          Array [
            Object {
              "backgroundColor": "transparent",
              "borderWidth": 0,
            },
            Object {
              "flex": 0,
              "height": 15,
              "width": 15,
            },
          ]
        }
        vbHeight={512}
        vbWidth={512}
        width={15}
      >
        <RNSVGGroup
          fill={4280032286}
          propList={
            Array [
              "fill",
            ]
          }
        >
          <RNSVGPath
            d="M500.3 443.7l-119.7-119.7c27.22-40.41 40.65-90.9 33.46-144.7C401.8 87.79 326.8 13.32 235.2 1.723C99.01-15.51-15.51 99.01 1.724 235.2c11.6 91.64 86.08 166.7 177.6 178.9c53.8 7.189 104.3-6.236 144.7-33.46l119.7 119.7c15.62 15.62 40.95 15.62 56.57 0C515.9 484.7 515.9 459.3 500.3 443.7zM79.1 208c0-70.58 57.42-128 128-128s128 57.42 128 128c0 70.58-57.42 128-128 128S79.1 278.6 79.1 208z"
          />
        </RNSVGGroup>
      </RNSVGSvgView>
    </View>
  </View>
</RCTSafeAreaView>
`;
