// Jest Snapshot v1, https://goo.gl/fbAQLP

exports[`Review renderrs Review 1`] = `
<View
  accessibilityRole="button"
  accessible={true}
  collapsable={false}
  focusable={true}
  onBlur={[Function]}
  onClick={[Function]}
  onFocus={[Function]}
  onResponderGrant={[Function]}
  onResponderMove={[Function]}
  onResponderRelease={[Function]}
  onResponderTerminate={[Function]}
  onResponderTerminationRequest={[Function]}
  onStartShouldSetResponder={[Function]}
  style={
    Array [
      Object {
        "paddingVertical": 15,
      },
      Object {
        "paddingHorizontal": 15,
      },
    ]
  }
>
  <View
    style={
      Array [
        Object {
          "flexDirection": "row",
        },
        Object {
          "marginBottom": 5,
        },
      ]
    }
  >
    <View
      style={
        Array [
          Object {
            "flex": 1,
          },
          Object {
            "flexDirection": "row",
          },
          Object {
            "alignItems": "center",
          },
        ]
      }
    >
      <Image
        accessibilityRole="image"
        source={
          Object {
            "uri": "https://s3-media3.fl.yelpcdn.com/photo/iwoAD12zkONZxJ94ChAaMg/o.jpg",
          }
        }
        style={
          Array [
            Object {
              "borderRadius": 20,
              "height": 40,
              "width": 40,
            },
            Object {
              "marginRight": 10,
            },
          ]
        }
      />
      <View
        style={
          Array [
            Object {
              "flex": 1,
            },
          ]
        }
      >
        <Text
          accessibilityRole="header"
          style={
            Array [
              Object {
                "fontWeight": "700",
              },
              Object {
                "color": "rgb(28, 28, 30)",
              },
            ]
          }
        >
          Ella A.
        </Text>
        <RCTScrollView
          ListFooterComponent={null}
          data={
            Array [
              1,
              2,
              3,
              4,
              5,
            ]
          }
          getItem={[Function]}
          getItemCount={[Function]}
          horizontal={true}
          keyExtractor={[Function]}
          onContentSizeChange={[Function]}
          onLayout={[Function]}
          onMomentumScrollBegin={[Function]}
          onMomentumScrollEnd={[Function]}
          onScroll={[Function]}
          onScrollBeginDrag={[Function]}
          onScrollEndDrag={[Function]}
          removeClippedSubviews={false}
          renderItem={[Function]}
          scrollEventThrottle={50}
          stickyHeaderIndices={Array []}
          style={
            Array [
              Object {
                "marginVertical": 5,
              },
            ]
          }
          viewabilityConfigCallbackPairs={Array []}
        >
          <View>
            <View
              onLayout={[Function]}
              style={
                Array [
                  Object {
                    "flexDirection": "row",
                  },
                  null,
                ]
              }
            >
              <View
                style={
                  Object {
                    "marginRight": 5,
                  }
                }
              >
                <RNSVGSvgView
                  accessibilityRole="image"
                  align="xMidYMid"
                  bbHeight={16}
                  bbWidth={16}
                  fill="#c3f229"
                  focusable={false}
                  height={16}
                  meetOrSlice={0}
                  minX={0}
                  minY={0}
                  style={
                    Array [
                      Object {
                        "backgroundColor": "transparent",
                        "borderWidth": 0,
                      },
                      Object {
                        "flex": 0,
                        "height": 16,
                        "width": 16,
                      },
                    ]
                  }
                  vbHeight={512}
                  vbWidth={576}
                  width={16}
                >
                  <RNSVGGroup
                    fill={4291031593}
                    propList={
                      Array [
                        "fill",
                      ]
                    }
                  >
                    <RNSVGPath
                      d="M381.2 150.3L524.9 171.5C536.8 173.2 546.8 181.6 550.6 193.1C554.4 204.7 551.3 217.3 542.7 225.9L438.5 328.1L463.1 474.7C465.1 486.7 460.2 498.9 450.2 506C440.3 513.1 427.2 514 416.5 508.3L288.1 439.8L159.8 508.3C149 514 135.9 513.1 126 506C116.1 498.9 111.1 486.7 113.2 474.7L137.8 328.1L33.58 225.9C24.97 217.3 21.91 204.7 25.69 193.1C29.46 181.6 39.43 173.2 51.42 171.5L195 150.3L259.4 17.97C264.7 6.954 275.9-.0391 288.1-.0391C300.4-.0391 311.6 6.954 316.9 17.97L381.2 150.3z"
                    />
                  </RNSVGGroup>
                </RNSVGSvgView>
              </View>
            </View>
            <View
              onLayout={[Function]}
              style={
                Array [
                  Object {
                    "flexDirection": "row",
                  },
                  null,
                ]
              }
            >
              <View
                style={
                  Object {
                    "marginRight": 5,
                  }
                }
              >
                <RNSVGSvgView
                  accessibilityRole="image"
                  align="xMidYMid"
                  bbHeight={16}
                  bbWidth={16}
                  fill="#c3f229"
                  focusable={false}
                  height={16}
                  meetOrSlice={0}
                  minX={0}
                  minY={0}
                  style={
                    Array [
                      Object {
                        "backgroundColor": "transparent",
                        "borderWidth": 0,
                      },
                      Object {
                        "flex": 0,
                        "height": 16,
                        "width": 16,
                      },
                    ]
                  }
                  vbHeight={512}
                  vbWidth={576}
                  width={16}
                >
                  <RNSVGGroup
                    fill={4291031593}
                    propList={
                      Array [
                        "fill",
                      ]
                    }
                  >
                    <RNSVGPath
                      d="M381.2 150.3L524.9 171.5C536.8 173.2 546.8 181.6 550.6 193.1C554.4 204.7 551.3 217.3 542.7 225.9L438.5 328.1L463.1 474.7C465.1 486.7 460.2 498.9 450.2 506C440.3 513.1 427.2 514 416.5 508.3L288.1 439.8L159.8 508.3C149 514 135.9 513.1 126 506C116.1 498.9 111.1 486.7 113.2 474.7L137.8 328.1L33.58 225.9C24.97 217.3 21.91 204.7 25.69 193.1C29.46 181.6 39.43 173.2 51.42 171.5L195 150.3L259.4 17.97C264.7 6.954 275.9-.0391 288.1-.0391C300.4-.0391 311.6 6.954 316.9 17.97L381.2 150.3z"
                    />
                  </RNSVGGroup>
                </RNSVGSvgView>
              </View>
            </View>
            <View
              onLayout={[Function]}
              style={
                Array [
                  Object {
                    "flexDirection": "row",
                  },
                  null,
                ]
              }
            >
              <View
                style={
                  Object {
                    "marginRight": 5,
                  }
                }
              >
                <RNSVGSvgView
                  accessibilityRole="image"
                  align="xMidYMid"
                  bbHeight={16}
                  bbWidth={16}
                  fill="#c3f229"
                  focusable={false}
                  height={16}
                  meetOrSlice={0}
                  minX={0}
                  minY={0}
                  style={
                    Array [
                      Object {
                        "backgroundColor": "transparent",
                        "borderWidth": 0,
                      },
                      Object {
                        "flex": 0,
                        "height": 16,
                        "width": 16,
                      },
                    ]
                  }
                  vbHeight={512}
                  vbWidth={576}
                  width={16}
                >
                  <RNSVGGroup
                    fill={4291031593}
                    propList={
                      Array [
                        "fill",
                      ]
                    }
                  >
                    <RNSVGPath
                      d="M381.2 150.3L524.9 171.5C536.8 173.2 546.8 181.6 550.6 193.1C554.4 204.7 551.3 217.3 542.7 225.9L438.5 328.1L463.1 474.7C465.1 486.7 460.2 498.9 450.2 506C440.3 513.1 427.2 514 416.5 508.3L288.1 439.8L159.8 508.3C149 514 135.9 513.1 126 506C116.1 498.9 111.1 486.7 113.2 474.7L137.8 328.1L33.58 225.9C24.97 217.3 21.91 204.7 25.69 193.1C29.46 181.6 39.43 173.2 51.42 171.5L195 150.3L259.4 17.97C264.7 6.954 275.9-.0391 288.1-.0391C300.4-.0391 311.6 6.954 316.9 17.97L381.2 150.3z"
                    />
                  </RNSVGGroup>
                </RNSVGSvgView>
              </View>
            </View>
            <View
              onLayout={[Function]}
              style={
                Array [
                  Object {
                    "flexDirection": "row",
                  },
                  null,
                ]
              }
            >
              <View
                style={
                  Object {
                    "marginRight": 5,
                  }
                }
              >
                <RNSVGSvgView
                  accessibilityRole="image"
                  align="xMidYMid"
                  bbHeight={16}
                  bbWidth={16}
                  fill="#c3f229"
                  focusable={false}
                  height={16}
                  meetOrSlice={0}
                  minX={0}
                  minY={0}
                  style={
                    Array [
                      Object {
                        "backgroundColor": "transparent",
                        "borderWidth": 0,
                      },
                      Object {
                        "flex": 0,
                        "height": 16,
                        "width": 16,
                      },
                    ]
                  }
                  vbHeight={512}
                  vbWidth={576}
                  width={16}
                >
                  <RNSVGGroup
                    fill={4291031593}
                    propList={
                      Array [
                        "fill",
                      ]
                    }
                  >
                    <RNSVGPath
                      d="M381.2 150.3L524.9 171.5C536.8 173.2 546.8 181.6 550.6 193.1C554.4 204.7 551.3 217.3 542.7 225.9L438.5 328.1L463.1 474.7C465.1 486.7 460.2 498.9 450.2 506C440.3 513.1 427.2 514 416.5 508.3L288.1 439.8L159.8 508.3C149 514 135.9 513.1 126 506C116.1 498.9 111.1 486.7 113.2 474.7L137.8 328.1L33.58 225.9C24.97 217.3 21.91 204.7 25.69 193.1C29.46 181.6 39.43 173.2 51.42 171.5L195 150.3L259.4 17.97C264.7 6.954 275.9-.0391 288.1-.0391C300.4-.0391 311.6 6.954 316.9 17.97L381.2 150.3z"
                    />
                  </RNSVGGroup>
                </RNSVGSvgView>
              </View>
            </View>
            <View
              onLayout={[Function]}
              style={
                Array [
                  Object {
                    "flexDirection": "row",
                  },
                  null,
                ]
              }
            >
              <View
                style={
                  Object {
                    "marginRight": 5,
                  }
                }
              >
                <RNSVGSvgView
                  accessibilityRole="image"
                  align="xMidYMid"
                  bbHeight={16}
                  bbWidth={16}
                  fill="#c3f229"
                  focusable={false}
                  height={16}
                  meetOrSlice={0}
                  minX={0}
                  minY={0}
                  style={
                    Array [
                      Object {
                        "backgroundColor": "transparent",
                        "borderWidth": 0,
                      },
                      Object {
                        "flex": 0,
                        "height": 16,
                        "width": 16,
                      },
                    ]
                  }
                  vbHeight={512}
                  vbWidth={576}
                  width={16}
                >
                  <RNSVGGroup
                    fill={4291031593}
                    propList={
                      Array [
                        "fill",
                      ]
                    }
                  >
                    <RNSVGPath
                      d="M381.2 150.3L524.9 171.5C536.8 173.2 546.8 181.6 550.6 193.1C554.4 204.7 551.3 217.3 542.7 225.9L438.5 328.1L463.1 474.7C465.1 486.7 460.2 498.9 450.2 506C440.3 513.1 427.2 514 416.5 508.3L288.1 439.8L159.8 508.3C149 514 135.9 513.1 126 506C116.1 498.9 111.1 486.7 113.2 474.7L137.8 328.1L33.58 225.9C24.97 217.3 21.91 204.7 25.69 193.1C29.46 181.6 39.43 173.2 51.42 171.5L195 150.3L259.4 17.97C264.7 6.954 275.9-.0391 288.1-.0391C300.4-.0391 311.6 6.954 316.9 17.97L381.2 150.3z"
                    />
                  </RNSVGGroup>
                </RNSVGSvgView>
              </View>
            </View>
          </View>
        </RCTScrollView>
      </View>
    </View>
    <View
      style={
        Object {
          "justifyContent": "center",
        }
      }
    >
      <Text
        accessibilityRole="text"
        color="gray"
        style={
          Array [
            undefined,
            Object {
              "color": "gray",
            },
          ]
        }
      >
        2016-08-29
      </Text>
    </View>
  </View>
  <Text
    accessibilityRole="summary"
    style={
      Array [
        undefined,
        Object {
          "color": "rgb(28, 28, 30)",
        },
      ]
    }
  >
    Went back again to this place since the last time i visited the bay area 5 months ago, and nothing has changed. Still the sketchy Mission, Still the cashier...
  </Text>
</View>
`;
