// Jest Snapshot v1, https://goo.gl/fbAQLP

exports[`BusinessDetailHeader renders BusinessDetailHeader 1`] = `
<View>
  <RCTScrollView
    accessibilityRole="list"
    bounces={false}
    data={
      Array [
        "https://s3-media2.fl.yelpcdn.com/bphoto/CPc91bGzKBe95aM5edjhhQ/o.jpg",
        "https://s3-media4.fl.yelpcdn.com/bphoto/FmXn6cYO1Mm03UNO5cbOqw/o.jpg",
        "https://s3-media4.fl.yelpcdn.com/bphoto/HZVDyYaghwPl2kVbvHuHjA/o.jpg",
      ]
    }
    getItem={[Function]}
    getItemCount={[Function]}
    horizontal={true}
    keyExtractor={[Function]}
    onContentSizeChange={[Function]}
    onLayout={[Function]}
    onMomentumScrollBegin={[Function]}
    onMomentumScrollEnd={[Function]}
    onScroll={[Function]}
    onScrollBeginDrag={[Function]}
    onScrollEndDrag={[Function]}
    pagingEnabled={true}
    removeClippedSubviews={false}
    renderItem={[Function]}
    scrollEventThrottle={50}
    showsHorizontalScrollIndicator={false}
    stickyHeaderIndices={Array []}
    style={
      Array [
        Object {
          "height": 250,
          "overflow": "hidden",
        },
      ]
    }
    viewabilityConfigCallbackPairs={Array []}
  >
    <View>
      <View
        onLayout={[Function]}
        style={
          Array [
            Object {
              "flexDirection": "row",
            },
            null,
          ]
        }
      >
        <Image
          accessibilityRole="image"
          source={
            Object {
              "uri": "https://s3-media2.fl.yelpcdn.com/bphoto/CPc91bGzKBe95aM5edjhhQ/o.jpg",
            }
          }
          style={
            Object {
              "width": 750,
            }
          }
        />
      </View>
      <View
        onLayout={[Function]}
        style={
          Array [
            Object {
              "flexDirection": "row",
            },
            null,
          ]
        }
      >
        <Image
          accessibilityRole="image"
          source={
            Object {
              "uri": "https://s3-media4.fl.yelpcdn.com/bphoto/FmXn6cYO1Mm03UNO5cbOqw/o.jpg",
            }
          }
          style={
            Object {
              "width": 750,
            }
          }
        />
      </View>
      <View
        onLayout={[Function]}
        style={
          Array [
            Object {
              "flexDirection": "row",
            },
            null,
          ]
        }
      >
        <Image
          accessibilityRole="image"
          source={
            Object {
              "uri": "https://s3-media4.fl.yelpcdn.com/bphoto/HZVDyYaghwPl2kVbvHuHjA/o.jpg",
            }
          }
          style={
            Object {
              "width": 750,
            }
          }
        />
      </View>
    </View>
  </RCTScrollView>
  <BVLinearGradient
    accessibilityRole="none"
    colors={
      Array [
        0,
        0,
        0,
        1560281088,
        2701131776,
        3456106496,
      ]
    }
    endPoint={
      Object {
        "x": 0.5,
        "y": 1,
      }
    }
    locations={null}
    startPoint={
      Object {
        "x": 0.5,
        "y": 0,
      }
    }
    style={
      Object {
        "bottom": 0,
        "left": 0,
        "position": "absolute",
        "right": 0,
        "top": 0,
      }
    }
  />
  <View
    style={
      Array [
        Object {
          "bottom": 0,
          "justifyContent": "flex-end",
          "left": 0,
          "position": "absolute",
          "right": 0,
        },
        Object {
          "paddingVertical": 10,
        },
        Object {
          "paddingHorizontal": 15,
        },
      ]
    }
  >
    <Text
      accessibilityRole="header"
      style={
        Object {
          "color": "#f4f4f4",
          "fontSize": 30,
          "fontWeight": "800",
        }
      }
    >
      Gary Danko
    </Text>
    <RCTScrollView
      ListFooterComponent={
        <View
          style={
            Object {
              "marginHorizontal": 5,
            }
          }
        >
          <Text
            style={
              Object {
                "color": "#f4f4f4",
              }
            }
          >
            5296
          </Text>
        </View>
      }
      data={
        Array [
          1,
          2,
          3,
          4,
          5,
        ]
      }
      getItem={[Function]}
      getItemCount={[Function]}
      horizontal={true}
      keyExtractor={[Function]}
      onContentSizeChange={[Function]}
      onLayout={[Function]}
      onMomentumScrollBegin={[Function]}
      onMomentumScrollEnd={[Function]}
      onScroll={[Function]}
      onScrollBeginDrag={[Function]}
      onScrollEndDrag={[Function]}
      removeClippedSubviews={false}
      renderItem={[Function]}
      scrollEventThrottle={50}
      stickyHeaderIndices={Array []}
      style={
        Array [
          Object {
            "marginVertical": 5,
          },
        ]
      }
      viewabilityConfigCallbackPairs={Array []}
    >
      <View>
        <View
          onLayout={[Function]}
          style={
            Array [
              Object {
                "flexDirection": "row",
              },
              null,
            ]
          }
        >
          <View
            style={
              Object {
                "marginRight": 10,
              }
            }
          >
            <RNSVGSvgView
              accessibilityRole="image"
              align="xMidYMid"
              bbHeight={20}
              bbWidth={20}
              fill="#c3f229"
              focusable={false}
              height={20}
              meetOrSlice={0}
              minX={0}
              minY={0}
              style={
                Array [
                  Object {
                    "backgroundColor": "transparent",
                    "borderWidth": 0,
                  },
                  Object {
                    "flex": 0,
                    "height": 20,
                    "width": 20,
                  },
                ]
              }
              vbHeight={512}
              vbWidth={576}
              width={20}
            >
              <RNSVGGroup
                fill={4291031593}
                propList={
                  Array [
                    "fill",
                  ]
                }
              >
                <RNSVGPath
                  d="M381.2 150.3L524.9 171.5C536.8 173.2 546.8 181.6 550.6 193.1C554.4 204.7 551.3 217.3 542.7 225.9L438.5 328.1L463.1 474.7C465.1 486.7 460.2 498.9 450.2 506C440.3 513.1 427.2 514 416.5 508.3L288.1 439.8L159.8 508.3C149 514 135.9 513.1 126 506C116.1 498.9 111.1 486.7 113.2 474.7L137.8 328.1L33.58 225.9C24.97 217.3 21.91 204.7 25.69 193.1C29.46 181.6 39.43 173.2 51.42 171.5L195 150.3L259.4 17.97C264.7 6.954 275.9-.0391 288.1-.0391C300.4-.0391 311.6 6.954 316.9 17.97L381.2 150.3z"
                />
              </RNSVGGroup>
            </RNSVGSvgView>
          </View>
        </View>
        <View
          onLayout={[Function]}
          style={
            Array [
              Object {
                "flexDirection": "row",
              },
              null,
            ]
          }
        >
          <View
            style={
              Object {
                "marginRight": 10,
              }
            }
          >
            <RNSVGSvgView
              accessibilityRole="image"
              align="xMidYMid"
              bbHeight={20}
              bbWidth={20}
              fill="#c3f229"
              focusable={false}
              height={20}
              meetOrSlice={0}
              minX={0}
              minY={0}
              style={
                Array [
                  Object {
                    "backgroundColor": "transparent",
                    "borderWidth": 0,
                  },
                  Object {
                    "flex": 0,
                    "height": 20,
                    "width": 20,
                  },
                ]
              }
              vbHeight={512}
              vbWidth={576}
              width={20}
            >
              <RNSVGGroup
                fill={4291031593}
                propList={
                  Array [
                    "fill",
                  ]
                }
              >
                <RNSVGPath
                  d="M381.2 150.3L524.9 171.5C536.8 173.2 546.8 181.6 550.6 193.1C554.4 204.7 551.3 217.3 542.7 225.9L438.5 328.1L463.1 474.7C465.1 486.7 460.2 498.9 450.2 506C440.3 513.1 427.2 514 416.5 508.3L288.1 439.8L159.8 508.3C149 514 135.9 513.1 126 506C116.1 498.9 111.1 486.7 113.2 474.7L137.8 328.1L33.58 225.9C24.97 217.3 21.91 204.7 25.69 193.1C29.46 181.6 39.43 173.2 51.42 171.5L195 150.3L259.4 17.97C264.7 6.954 275.9-.0391 288.1-.0391C300.4-.0391 311.6 6.954 316.9 17.97L381.2 150.3z"
                />
              </RNSVGGroup>
            </RNSVGSvgView>
          </View>
        </View>
        <View
          onLayout={[Function]}
          style={
            Array [
              Object {
                "flexDirection": "row",
              },
              null,
            ]
          }
        >
          <View
            style={
              Object {
                "marginRight": 10,
              }
            }
          >
            <RNSVGSvgView
              accessibilityRole="image"
              align="xMidYMid"
              bbHeight={20}
              bbWidth={20}
              fill="#c3f229"
              focusable={false}
              height={20}
              meetOrSlice={0}
              minX={0}
              minY={0}
              style={
                Array [
                  Object {
                    "backgroundColor": "transparent",
                    "borderWidth": 0,
                  },
                  Object {
                    "flex": 0,
                    "height": 20,
                    "width": 20,
                  },
                ]
              }
              vbHeight={512}
              vbWidth={576}
              width={20}
            >
              <RNSVGGroup
                fill={4291031593}
                propList={
                  Array [
                    "fill",
                  ]
                }
              >
                <RNSVGPath
                  d="M381.2 150.3L524.9 171.5C536.8 173.2 546.8 181.6 550.6 193.1C554.4 204.7 551.3 217.3 542.7 225.9L438.5 328.1L463.1 474.7C465.1 486.7 460.2 498.9 450.2 506C440.3 513.1 427.2 514 416.5 508.3L288.1 439.8L159.8 508.3C149 514 135.9 513.1 126 506C116.1 498.9 111.1 486.7 113.2 474.7L137.8 328.1L33.58 225.9C24.97 217.3 21.91 204.7 25.69 193.1C29.46 181.6 39.43 173.2 51.42 171.5L195 150.3L259.4 17.97C264.7 6.954 275.9-.0391 288.1-.0391C300.4-.0391 311.6 6.954 316.9 17.97L381.2 150.3z"
                />
              </RNSVGGroup>
            </RNSVGSvgView>
          </View>
        </View>
        <View
          onLayout={[Function]}
          style={
            Array [
              Object {
                "flexDirection": "row",
              },
              null,
            ]
          }
        >
          <View
            style={
              Object {
                "marginRight": 10,
              }
            }
          >
            <RNSVGSvgView
              accessibilityRole="image"
              align="xMidYMid"
              bbHeight={20}
              bbWidth={20}
              fill="#c3f229"
              focusable={false}
              height={20}
              meetOrSlice={0}
              minX={0}
              minY={0}
              style={
                Array [
                  Object {
                    "backgroundColor": "transparent",
                    "borderWidth": 0,
                  },
                  Object {
                    "flex": 0,
                    "height": 20,
                    "width": 20,
                  },
                ]
              }
              vbHeight={512}
              vbWidth={576}
              width={20}
            >
              <RNSVGGroup
                fill={4291031593}
                propList={
                  Array [
                    "fill",
                  ]
                }
              >
                <RNSVGPath
                  d="M381.2 150.3L524.9 171.5C536.8 173.2 546.8 181.6 550.6 193.1C554.4 204.7 551.3 217.3 542.7 225.9L438.5 328.1L463.1 474.7C465.1 486.7 460.2 498.9 450.2 506C440.3 513.1 427.2 514 416.5 508.3L288.1 439.8L159.8 508.3C149 514 135.9 513.1 126 506C116.1 498.9 111.1 486.7 113.2 474.7L137.8 328.1L33.58 225.9C24.97 217.3 21.91 204.7 25.69 193.1C29.46 181.6 39.43 173.2 51.42 171.5L195 150.3L259.4 17.97C264.7 6.954 275.9-.0391 288.1-.0391C300.4-.0391 311.6 6.954 316.9 17.97L381.2 150.3z"
                />
              </RNSVGGroup>
            </RNSVGSvgView>
          </View>
        </View>
        <View
          onLayout={[Function]}
          style={
            Array [
              Object {
                "flexDirection": "row",
              },
              null,
            ]
          }
        >
          <View
            style={
              Object {
                "marginRight": 10,
              }
            }
          >
            <RNSVGSvgView
              accessibilityRole="image"
              align="xMidYMid"
              bbHeight={20}
              bbWidth={20}
              fill="#c3f229"
              focusable={false}
              height={20}
              meetOrSlice={0}
              minX={0}
              minY={0}
              style={
                Array [
                  Object {
                    "backgroundColor": "transparent",
                    "borderWidth": 0,
                  },
                  Object {
                    "flex": 0,
                    "height": 20,
                    "width": 20,
                  },
                ]
              }
              vbHeight={512}
              vbWidth={576}
              width={20}
            >
              <RNSVGGroup
                fill={4291031593}
                propList={
                  Array [
                    "fill",
                  ]
                }
              >
                <RNSVGPath
                  d="M463.1 474.7C465.1 486.7 460.2 498.9 450.2 506C440.3 513.1 427.2 514 416.5 508.3L288.1 439.8L159.8 508.3C149 514 135.9 513.1 126 506C116.1 498.9 111.1 486.7 113.2 474.7L137.8 328.1L33.58 225.9C24.97 217.3 21.91 204.7 25.69 193.1C29.46 181.6 39.43 173.2 51.42 171.5L195 150.3L259.4 17.97C264.7 6.954 275.9-.0391 288.1-.0391C300.4-.0391 311.6 6.954 316.9 17.97L381.2 150.3L524.9 171.5C536.8 173.2 546.8 181.6 550.6 193.1C554.4 204.7 551.3 217.3 542.7 225.9L438.5 328.1L463.1 474.7zM288 376.4L288.1 376.3L399.7 435.9L378.4 309.6L469.2 219.8L343.8 201.4L288.1 86.85L288 87.14V376.4z"
                />
              </RNSVGGroup>
            </RNSVGSvgView>
          </View>
        </View>
        <View
          onLayout={[Function]}
        >
          <View
            style={
              Object {
                "marginHorizontal": 5,
              }
            }
          >
            <Text
              style={
                Object {
                  "color": "#f4f4f4",
                }
              }
            >
              5296
            </Text>
          </View>
        </View>
      </View>
    </RCTScrollView>
  </View>
</View>
`;
