// Jest Snapshot v1, https://goo.gl/fbAQLP

exports[`BusinessInfo renders BusinessInfo 1`] = `
<View
  style={
    Array [
      Object {
        "backgroundColor": "rgb(255, 255, 255)",
      },
      Object {
        "paddingVertical": 20,
      },
      Object {
        "marginTop": 10,
      },
    ]
  }
>
  <Text
    accessibilityRole="header"
    style={
      Array [
        Array [
          Object {
            "fontSize": 22,
            "fontWeight": "700",
          },
          Object {
            "marginBottom": 10,
          },
          Object {
            "marginHorizontal": 15,
          },
        ],
        Object {
          "color": "rgb(28, 28, 30)",
        },
      ]
    }
  >
    Business Info
  </Text>
  <View
    style={
      Array [
        Object {
          "borderBottomColor": "#e0e0e0",
        },
        Object {
          "alignItems": "center",
          "borderBottomWidth": 1,
          "flexDirection": "row",
          "justifyContent": "space-between",
        },
        Object {
          "paddingVertical": 20,
        },
        Object {
          "marginHorizontal": 15,
        },
      ]
    }
  >
    <View>
      <Text
        accessibilityRole="text"
        style={
          Array [
            undefined,
            Object {
              "color": "rgb(28, 28, 30)",
            },
          ]
        }
      >
        800 N Point St
      </Text>
      <Text
        accessibilityRole="text"
        style={
          Array [
            undefined,
            Object {
              "color": "rgb(28, 28, 30)",
            },
          ]
        }
      >
        San Francisco
        , 
        CA
         
        94109
      </Text>
    </View>
    <RNSVGSvgView
      accessibilityRole="image"
      align="xMidYMid"
      bbHeight={20}
      bbWidth={20}
      fill="rgb(28, 28, 30)"
      focusable={false}
      height={20}
      meetOrSlice={0}
      minX={0}
      minY={0}
      style={
        Array [
          Object {
            "backgroundColor": "transparent",
            "borderWidth": 0,
          },
          Object {
            "flex": 0,
            "height": 20,
            "width": 20,
          },
        ]
      }
      vbHeight={512}
      vbWidth={512}
      width={20}
    >
      <RNSVGGroup
        fill={4280032286}
        propList={
          Array [
            "fill",
          ]
        }
      >
        <RNSVGPath
          d="M497.1 222.1l-208.1-208.1c-9.364-9.364-21.62-14.04-33.89-14.03C243.7 .0092 231.5 4.686 222.1 14.03L14.03 222.1C4.676 231.5 .0002 243.7 .0004 255.1c.0002 12.26 4.676 24.52 14.03 33.87l208.1 208.1C231.5 507.3 243.7 511.1 256 511.1c12.26 0 24.52-4.677 33.87-14.03l208.1-208.1c9.352-9.353 14.03-21.61 14.03-33.87C511.1 243.7 507.3 231.5 497.1 222.1zM410.5 252l-96 84c-10.79 9.545-26.53 .9824-26.53-12.03V272H223.1l-.0001 48C223.1 337.6 209.6 352 191.1 352S159.1 337.6 159.1 320V240c0-17.6 14.4-32 32-32h95.1V156c0-13.85 16.39-20.99 26.53-12.03l96 84C414 231 415.1 235.4 415.1 240S414 249 410.5 252z"
        />
      </RNSVGGroup>
    </RNSVGSvgView>
  </View>
  <View
    style={
      Array [
        Object {
          "borderBottomColor": "#e0e0e0",
        },
        Object {
          "alignItems": "center",
          "borderBottomWidth": 1,
          "flexDirection": "row",
          "justifyContent": "space-between",
        },
        Object {
          "paddingVertical": 20,
        },
        Object {
          "marginHorizontal": 15,
        },
      ]
    }
  >
    <Text
      accessibilityRole="text"
      style={
        Array [
          undefined,
          Object {
            "color": "rgb(28, 28, 30)",
          },
        ]
      }
    >
      (415) 749-2060
    </Text>
    <RNSVGSvgView
      accessibilityRole="image"
      align="xMidYMid"
      bbHeight={20}
      bbWidth={20}
      fill="rgb(28, 28, 30)"
      focusable={false}
      height={20}
      meetOrSlice={0}
      minX={0}
      minY={0}
      style={
        Array [
          Object {
            "backgroundColor": "transparent",
            "borderWidth": 0,
          },
          Object {
            "flex": 0,
            "height": 20,
            "width": 20,
          },
        ]
      }
      vbHeight={512}
      vbWidth={512}
      width={20}
    >
      <RNSVGGroup
        fill={4280032286}
        propList={
          Array [
            "fill",
          ]
        }
      >
        <RNSVGPath
          d="M511.2 387l-23.25 100.8c-3.266 14.25-15.79 24.22-30.46 24.22C205.2 512 0 306.8 0 54.5c0-14.66 9.969-27.2 24.22-30.45l100.8-23.25C139.7-2.602 154.7 5.018 160.8 18.92l46.52 108.5c5.438 12.78 1.77 27.67-8.98 36.45L144.5 207.1c33.98 69.22 90.26 125.5 159.5 159.5l44.08-53.8c8.688-10.78 23.69-14.51 36.47-8.975l108.5 46.51C506.1 357.2 514.6 372.4 511.2 387z"
        />
      </RNSVGGroup>
    </RNSVGSvgView>
  </View>
  <View
    accessibilityRole="button"
    accessible={true}
    collapsable={false}
    focusable={true}
    onBlur={[Function]}
    onClick={[Function]}
    onFocus={[Function]}
    onResponderGrant={[Function]}
    onResponderMove={[Function]}
    onResponderRelease={[Function]}
    onResponderTerminate={[Function]}
    onResponderTerminationRequest={[Function]}
    onStartShouldSetResponder={[Function]}
    style={
      Array [
        Object {
          "alignItems": "center",
          "borderBottomWidth": 1,
          "flexDirection": "row",
          "justifyContent": "space-between",
        },
        Object {
          "paddingVertical": 20,
        },
        Object {
          "paddingHorizontal": 15,
        },
        Object {
          "borderBottomWidth": 0,
        },
      ]
    }
  >
    <Text
      style={
        Array [
          undefined,
          Object {
            "color": "rgb(28, 28, 30)",
          },
        ]
      }
    >
      Visit Yelp Site
    </Text>
    <RNSVGSvgView
      accessibilityRole="image"
      align="xMidYMid"
      bbHeight={20}
      bbWidth={20}
      fill="rgb(28, 28, 30)"
      focusable={false}
      height={20}
      meetOrSlice={0}
      minX={0}
      minY={0}
      style={
        Array [
          Object {
            "backgroundColor": "transparent",
            "borderWidth": 0,
          },
          Object {
            "flex": 0,
            "height": 20,
            "width": 20,
          },
        ]
      }
      vbHeight={512}
      vbWidth={448}
      width={20}
    >
      <RNSVGGroup
        fill={4280032286}
        propList={
          Array [
            "fill",
          ]
        }
      >
        <RNSVGPath
          d="M256 64C256 46.33 270.3 32 288 32H415.1C415.1 32 415.1 32 415.1 32C420.3 32 424.5 32.86 428.2 34.43C431.1 35.98 435.5 38.27 438.6 41.3C438.6 41.35 438.6 41.4 438.7 41.44C444.9 47.66 447.1 55.78 448 63.9C448 63.94 448 63.97 448 64V192C448 209.7 433.7 224 416 224C398.3 224 384 209.7 384 192V141.3L214.6 310.6C202.1 323.1 181.9 323.1 169.4 310.6C156.9 298.1 156.9 277.9 169.4 265.4L338.7 96H288C270.3 96 256 81.67 256 64V64zM0 128C0 92.65 28.65 64 64 64H160C177.7 64 192 78.33 192 96C192 113.7 177.7 128 160 128H64V416H352V320C352 302.3 366.3 288 384 288C401.7 288 416 302.3 416 320V416C416 451.3 387.3 480 352 480H64C28.65 480 0 451.3 0 416V128z"
        />
      </RNSVGGroup>
    </RNSVGSvgView>
  </View>
</View>
`;
